// Jest Snapshot v1, https://goo.gl/fbAQLP

exports[`should render correctly 1`] = `
<StudentTable
  randomStudentCount={500}
/>
`;
